% import simple dump from git
scanning source...
sorting...
converting...
1 initial revision
0 modify
Removing blob dir 'HGTMP/test-fastimport-git/simplegit/.hg/blobs' ...
% hg log
o  changeset:   1:0a3befda043d
|  tag:         tip
|  user:        Joe Contributor <joe@example.com>
|  date:        Fri Jan 11 01:20:00 2008 +0400
|  files:       ooga
|  description:
|  modify
|
|
o  changeset:   0:9a4b81675bd1
   user:        Example <example@example.org>
   date:        Fri Jan 11 01:21:00 2008 +0400
   files:       foo.txt ooga
   description:
   initial revision


% manifest at rev 0
foo.txt
ooga
% manifest at rev 1
foo.txt
ooga
% cat foo.txt at rev 0
hello there
% cat foo.txt at rev 1
hello there
% cat ooga at rev 0
ooga booga
% cat ooga at rev 1
woof woof
ooga booga
blah blah
