% dump with no blank line after merge commit
scanning source...
sorting...
converting...
2 
1 
0 
o    2:0c314954ac3f
|\
| |
| o  1:1c1c7986a7e1
|/
|
o  0:ca38501957af


% dump with redundant 'from' directive
scanning source...
sorting...
converting...
1 
0 
o  1:1c1c7986a7e1
|
|
o  0:ca38501957af


