% importing
scanning source...
sorting...
converting...
1 initial revision
0 add a line
Removing blob dir 'HGTMP/test-fastimport-simple/simple/.hg/blobs' ...
% hg log
changeset:   1:ec2bd7ac5b27
tag:         tip
user:        Example <example@example.org>
date:        Thu Jan 10 21:20:01 2008 +0000
summary:     add a line

changeset:   0:b7a8255f9622
user:        Example <example@example.org>
date:        Thu Jan 10 21:20:00 2008 +0000
summary:     initial revision

% content of file1, rev 0
file 1 begins
% content of file2, rev 0
this here be file2
% content of file1, rev 1
file 1 begins
new line
% content of file2, rev 1
this here be file2
